
[TestGetRoute/if_keys_is_not_set,_get_returns_0 - 1]
{"name":"test","value":0}
---
